...........x........................F.............................................x............x....x....x...x.x......................................................................................................................................................................................................................................................................................................EFEEE..................................................................................................................................................................................................................................................................................................................................................................................................................................................................................................................................................................................x.....xxx....................................................network blocked: socket.create_connection, socket.getaddrinfo, socket.gethostbyname, socket.socket.connect, socket.socket.connect_ex, socket.socket.sendto
loopback is permitted: the web tests drive a real server on an
ephemeral port, and that traffic never leaves this machine
running the full suite offline

REFUSED: a live run needs an explicit --cap. Unlimited is not a ceiling, and this walks the whole queue: at thirty thousand domains an uncapped run is hundreds of thousands of credits. Pass --cap 0 to plan without spending.
REFUSED: a live run needs an explicit --cap. Unlimited is not a ceiling, and this walks the whole queue: at thirty thousand domains an uncapped run is hundreds of thousands of credits. Pass --cap 0 to plan without spending.
SINK-ERROR FileExistsError: [WinError 183] Cannot create a file when that file already exists: 'C:\\Users\\Zvonimir\\AppData\\Local\\Temp\\tmp3ibpofl1\\blocker'
.........................................................................................................................................................................................................................................................................F..F................................................................................................................................................................................................E...EEEEEEEEEE....................................................................................................................................................................................................................................................................................................................................................................................................................................................................................................................................................F.......F.............................................................................................................................................................................................................................................................................................................................................................................................................................................................................................................................................................................................................................................................................crawl cache: corrupt file (Expecting property name enclosed in double quotes: line 1 column 2 (char 1)), treating as miss
.crawl cache: file is not a dict, treating as miss
..................................................................................................................................................................................................................................................................................................................................................................................................................................................................................................................................................................................................................................F.................................................................................................................................................................................................................................................................................................................................................................................................................................F...........FFFFF......................................................................................................................................................................................................................................................................................................................................................Exception in thread Thread-2059 (_run):
Traceback (most recent call last):
  File "C:\Users\Zvonimir\AppData\Local\Python\pythoncore-3.14-64\Lib\threading.py", line 1082, in _bootstrap_inner
    self._context.run(self.run)
    ~~~~~~~~~~~~~~~~~^^^^^^^^^^
  File "C:\Users\Zvonimir\AppData\Local\Python\pythoncore-3.14-64\Lib\threading.py", line 1024, in run
    self._target(*self._args, **self._kwargs)
    ~~~~~~~~~~~~^^^^^^^^^^^^^^^^^^^^^^^^^^^^^
  File "C:\Users\Zvonimir\Desktop\resonate-qwen-worker\tests\test_http_timeout_aborts_at_socket_layer.py", line 64, in _run
    conn, _ = self._server_sock.accept()
              ~~~~~~~~~~~~~~~~~~~~~~~~^^
  File "C:\Users\Zvonimir\AppData\Local\Python\pythoncore-3.14-64\Lib\socket.py", line 298, in accept
    fd, addr = self._accept()
               ~~~~~~~~~~~~^^
OSError: [WinError 10038] An operation was attempted on something that is not a socket
.....................................................................................................................................................................................................................................................................................................................................................................................................................................................................................F....................................F.......................F....................F..................................s............................................F..F..................................................................................................................................................................................................................................x...................................................................................................................................................................................................................................................................................F........................................................................................................x.xx.....................................................................................................................................................................................................................................................................................................................................................................................................................................................................................................................................................................................................................................................................................................................................................................................................................................................................................................................................................................................................................................................................................................................................................................................................................................................................................................................................................................................................................................................................................FFF.............................F.................................................................................................................................EEEEEEEEEEE............................F....F..........................................................................................................................................................................................................................................................................................................................................................................................................................................................................................................................................................................................................................................................................................................................................................